// Jest Snapshot v1, https://goo.gl/fbAQLP

exports[`render TabReviews 1`] = `[Function]`;
