// Jest Snapshot v1, https://goo.gl/fbAQLP

exports[`render DetailsFilmCard 1`] = `[Function]`;
