// Jest Snapshot v1, https://goo.gl/fbAQLP

exports[`render Tabs 1`] = `[Function]`;
