// Jest Snapshot v1, https://goo.gl/fbAQLP

exports[`render ListOfFilmCards 1`] = `[Function]`;
