// Jest Snapshot v1, https://goo.gl/fbAQLP

exports[`render TabDetails 1`] = `[Function]`;
