// Jest Snapshot v1, https://goo.gl/fbAQLP

exports[`render Main 1`] = `[Function]`;
