// Jest Snapshot v1, https://goo.gl/fbAQLP

exports[`render VideoPlayer 1`] = `[Function]`;
