// Jest Snapshot v1, https://goo.gl/fbAQLP

exports[`render comment 1`] = `[Function]`;
