// Jest Snapshot v1, https://goo.gl/fbAQLP

exports[`render SmallFilmCard 1`] = `[Function]`;
